../Core/ssd1306/Src/ssd1306.c:46:9:SSD1306_Init	16	static
../Core/ssd1306/Src/ssd1306.c:109:6:SSD1306_UpdateScreen	8	static
../Core/ssd1306/Src/ssd1306.c:118:6:SSD1306_ToggleInvert	16	static
../Core/ssd1306/Src/ssd1306.c:130:6:SSD1306_Fill	16	static
../Core/ssd1306/Src/ssd1306.c:135:6:SSD1306_DrawPixel	16	static
../Core/ssd1306/Src/ssd1306.c:157:6:SSD1306_GotoXY	16	static
../Core/ssd1306/Src/ssd1306.c:163:6:SSD1306_Putc	32	static
../Core/ssd1306/Src/ssd1306.c:186:6:SSD1306_Puts	24	static
../Core/ssd1306/Src/ssd1306.c:204:6:SSD1306_DrawLine	40	static
../Core/ssd1306/Src/ssd1306.c:288:6:SSD1306_DrawRectangle	32	static
../Core/ssd1306/Src/ssd1306.c:313:6:SSD1306_DrawFilledRectangle	40	static
../Core/ssd1306/Src/ssd1306.c:340:6:SSD1306_DrawTriangle	32	static
../Core/ssd1306/Src/ssd1306.c:348:6:SSD1306_DrawFilledTriangle	64	static
../Core/ssd1306/Src/ssd1306.c:404:6:SSD1306_DrawCircle	40	static
../Core/ssd1306/Src/ssd1306.c:438:6:SSD1306_DrawFilledCircle	48	static
../Core/ssd1306/Src/ssd1306.c:469:6:ssd1306_image	32	static
../Core/ssd1306/Src/ssd1306.c:488:6:SSD1306_ON	8	static
../Core/ssd1306/Src/ssd1306.c:493:6:SSD1306_OFF	8	static
../Core/ssd1306/Src/ssd1306.c:509:6:ssd1306_I2C_Init	16	static
../Core/ssd1306/Src/ssd1306.c:521:6:ssd1306_I2C_WriteMulti	64	dynamic
../Core/ssd1306/Src/ssd1306.c:531:6:ssd1306_I2C_WriteMulti_DMA	24	static
../Core/ssd1306/Src/ssd1306.c:537:6:ssd1306_I2C_Write	32	static
